Analysis & Synthesis report for ongakucircuits_fpga_voiceassigner_top
Sun Sep 20 12:53:40 2026
Quartus II 64-Bit Version 13.0.1 Build 232 06/12/2013 Service Pack 1 SJ Web Edition


---------------------
; Table of Contents ;
---------------------
  1. Legal Notice
  2. Analysis & Synthesis Summary
  3. Analysis & Synthesis Settings
  4. Parallel Compilation
  5. Analysis & Synthesis Source Files Read
  6. Analysis & Synthesis Resource Usage Summary
  7. Analysis & Synthesis Resource Utilization by Entity
  8. General Register Statistics
  9. Multiplexer Restructuring Statistics (Restructuring Performed)
 10. Port Connectivity Checks: "dividerkeyer:dividerkeyer2"
 11. Port Connectivity Checks: "dividerkeyer:dividerkeyer1|mux74hc4067:octavemux8"
 12. Port Connectivity Checks: "dividerkeyer:dividerkeyer1|mux74hc4067:octavemux7"
 13. Port Connectivity Checks: "dividerkeyer:dividerkeyer1|mux74hc4067:octavemux6"
 14. Port Connectivity Checks: "dividerkeyer:dividerkeyer1|mux74hc4067:octavemux5"
 15. Port Connectivity Checks: "dividerkeyer:dividerkeyer1|mux74hc4067:octavemux4"
 16. Port Connectivity Checks: "dividerkeyer:dividerkeyer1|mux74hc4067:octavemux3"
 17. Port Connectivity Checks: "dividerkeyer:dividerkeyer1|mux74hc4067:octavemux2"
 18. Port Connectivity Checks: "dividerkeyer:dividerkeyer1|mux74hc4067:octavemux1"
 19. Port Connectivity Checks: "dividerkeyer:dividerkeyer1|divcd4024:freqdiv8"
 20. Port Connectivity Checks: "dividerkeyer:dividerkeyer1|divcd4024:freqdiv7"
 21. Port Connectivity Checks: "dividerkeyer:dividerkeyer1|divcd4024:freqdiv6"
 22. Port Connectivity Checks: "dividerkeyer:dividerkeyer1|divcd4024:freqdiv5"
 23. Port Connectivity Checks: "dividerkeyer:dividerkeyer1|divcd4024:freqdiv4"
 24. Port Connectivity Checks: "dividerkeyer:dividerkeyer1|divcd4024:freqdiv3"
 25. Port Connectivity Checks: "dividerkeyer:dividerkeyer1|divcd4024:freqdiv2"
 26. Port Connectivity Checks: "dividerkeyer:dividerkeyer1|divcd4024:freqdiv1"
 27. Port Connectivity Checks: "dividerkeyer:dividerkeyer1|mux74hc4067:pitchmux8"
 28. Port Connectivity Checks: "dividerkeyer:dividerkeyer1|mux74hc4067:pitchmux7"
 29. Port Connectivity Checks: "dividerkeyer:dividerkeyer1|mux74hc4067:pitchmux6"
 30. Port Connectivity Checks: "dividerkeyer:dividerkeyer1|mux74hc4067:pitchmux5"
 31. Port Connectivity Checks: "dividerkeyer:dividerkeyer1|mux74hc4067:pitchmux4"
 32. Port Connectivity Checks: "dividerkeyer:dividerkeyer1|mux74hc4067:pitchmux3"
 33. Port Connectivity Checks: "dividerkeyer:dividerkeyer1|mux74hc4067:pitchmux2"
 34. Port Connectivity Checks: "dividerkeyer:dividerkeyer1|mux74hc4067:pitchmux1"
 35. Port Connectivity Checks: "dividerkeyer:dividerkeyer1"
 36. Port Connectivity Checks: "spireceiver:spireceiver"
 37. Elapsed Time Per Partition
 38. Analysis & Synthesis Messages
 39. Analysis & Synthesis Suppressed Messages



----------------
; Legal Notice ;
----------------
Copyright (C) 1991-2013 Altera Corporation
Your use of Altera Corporation's design tools, logic functions 
and other software and tools, and its AMPP partner logic 
functions, and any output files from any of the foregoing 
(including device programming or simulation files), and any 
associated documentation or information are expressly subject 
to the terms and conditions of the Altera Program License 
Subscription Agreement, Altera MegaCore Function License 
Agreement, or other applicable license agreement, including, 
without limitation, that your use is for the sole purpose of 
programming logic devices manufactured by Altera and sold by 
Altera or its authorized distributors.  Please refer to the 
applicable agreement for further details.



+--------------------------------------------------------------------------------------+
; Analysis & Synthesis Summary                                                         ;
+------------------------------------+-------------------------------------------------+
; Analysis & Synthesis Status        ; Successful - Sun Sep 20 12:53:40 2026           ;
; Quartus II 64-Bit Version          ; 13.0.1 Build 232 06/12/2013 SP 1 SJ Web Edition ;
; Revision Name                      ; ongakucircuits_fpga_voiceassigner_top           ;
; Top-level Entity Name              ; ongakucircuits_fpga_voiceassigner_top           ;
; Family                             ; Cyclone II                                      ;
; Total logic elements               ; 330                                             ;
;     Total combinational functions  ; 264                                             ;
;     Dedicated logic registers      ; 191                                             ;
; Total registers                    ; 191                                             ;
; Total pins                         ; 93                                              ;
; Total virtual pins                 ; 0                                               ;
; Total memory bits                  ; 0                                               ;
; Embedded Multiplier 9-bit elements ; 0                                               ;
; Total PLLs                         ; 0                                               ;
+------------------------------------+-------------------------------------------------+


+------------------------------------------------------------------------------------------------------------------------------------------------------------+
; Analysis & Synthesis Settings                                                                                                                              ;
+----------------------------------------------------------------------------+---------------------------------------+---------------------------------------+
; Option                                                                     ; Setting                               ; Default Value                         ;
+----------------------------------------------------------------------------+---------------------------------------+---------------------------------------+
; Device                                                                     ; EP2C35F672C6                          ;                                       ;
; Top-level entity name                                                      ; ongakucircuits_fpga_voiceassigner_top ; ongakucircuits_fpga_voiceassigner_top ;
; Family name                                                                ; Cyclone II                            ; Cyclone IV GX                         ;
; Use smart compilation                                                      ; Off                                   ; Off                                   ;
; Enable parallel Assembler and TimeQuest Timing Analyzer during compilation ; On                                    ; On                                    ;
; Enable compact report table                                                ; Off                                   ; Off                                   ;
; Restructure Multiplexers                                                   ; Auto                                  ; Auto                                  ;
; Create Debugging Nodes for IP Cores                                        ; Off                                   ; Off                                   ;
; Preserve fewer node names                                                  ; On                                    ; On                                    ;
; Disable OpenCore Plus hardware evaluation                                  ; Off                                   ; Off                                   ;
; Verilog Version                                                            ; Verilog_2001                          ; Verilog_2001                          ;
; VHDL Version                                                               ; VHDL_1993                             ; VHDL_1993                             ;
; State Machine Processing                                                   ; Auto                                  ; Auto                                  ;
; Safe State Machine                                                         ; Off                                   ; Off                                   ;
; Extract Verilog State Machines                                             ; On                                    ; On                                    ;
; Extract VHDL State Machines                                                ; On                                    ; On                                    ;
; Ignore Verilog initial constructs                                          ; Off                                   ; Off                                   ;
; Iteration limit for constant Verilog loops                                 ; 5000                                  ; 5000                                  ;
; Iteration limit for non-constant Verilog loops                             ; 250                                   ; 250                                   ;
; Add Pass-Through Logic to Inferred RAMs                                    ; On                                    ; On                                    ;
; Infer RAMs from Raw Logic                                                  ; On                                    ; On                                    ;
; Parallel Synthesis                                                         ; On                                    ; On                                    ;
; DSP Block Balancing                                                        ; Auto                                  ; Auto                                  ;
; NOT Gate Push-Back                                                         ; On                                    ; On                                    ;
; Power-Up Don't Care                                                        ; On                                    ; On                                    ;
; Remove Redundant Logic Cells                                               ; Off                                   ; Off                                   ;
; Remove Duplicate Registers                                                 ; On                                    ; On                                    ;
; Ignore CARRY Buffers                                                       ; Off                                   ; Off                                   ;
; Ignore CASCADE Buffers                                                     ; Off                                   ; Off                                   ;
; Ignore GLOBAL Buffers                                                      ; Off                                   ; Off                                   ;
; Ignore ROW GLOBAL Buffers                                                  ; Off                                   ; Off                                   ;
; Ignore LCELL Buffers                                                       ; Off                                   ; Off                                   ;
; Ignore SOFT Buffers                                                        ; On                                    ; On                                    ;
; Limit AHDL Integers to 32 Bits                                             ; Off                                   ; Off                                   ;
; Optimization Technique                                                     ; Balanced                              ; Balanced                              ;
; Carry Chain Length                                                         ; 70                                    ; 70                                    ;
; Auto Carry Chains                                                          ; On                                    ; On                                    ;
; Auto Open-Drain Pins                                                       ; On                                    ; On                                    ;
; Perform WYSIWYG Primitive Resynthesis                                      ; Off                                   ; Off                                   ;
; Auto ROM Replacement                                                       ; On                                    ; On                                    ;
; Auto RAM Replacement                                                       ; On                                    ; On                                    ;
; Auto Shift Register Replacement                                            ; Auto                                  ; Auto                                  ;
; Allow Shift Register Merging across Hierarchies                            ; Auto                                  ; Auto                                  ;
; Auto Clock Enable Replacement                                              ; On                                    ; On                                    ;
; Strict RAM Replacement                                                     ; Off                                   ; Off                                   ;
; Allow Synchronous Control Signals                                          ; On                                    ; On                                    ;
; Force Use of Synchronous Clear Signals                                     ; Off                                   ; Off                                   ;
; Auto RAM to Logic Cell Conversion                                          ; Off                                   ; Off                                   ;
; Auto Resource Sharing                                                      ; Off                                   ; Off                                   ;
; Allow Any RAM Size For Recognition                                         ; Off                                   ; Off                                   ;
; Allow Any ROM Size For Recognition                                         ; Off                                   ; Off                                   ;
; Allow Any Shift Register Size For Recognition                              ; Off                                   ; Off                                   ;
; Use LogicLock Constraints during Resource Balancing                        ; On                                    ; On                                    ;
; Ignore translate_off and synthesis_off directives                          ; Off                                   ; Off                                   ;
; Timing-Driven Synthesis                                                    ; Off                                   ; Off                                   ;
; Report Parameter Settings                                                  ; On                                    ; On                                    ;
; Report Source Assignments                                                  ; On                                    ; On                                    ;
; Report Connectivity Checks                                                 ; On                                    ; On                                    ;
; Ignore Maximum Fan-Out Assignments                                         ; Off                                   ; Off                                   ;
; Synchronization Register Chain Length                                      ; 2                                     ; 2                                     ;
; PowerPlay Power Optimization                                               ; Normal compilation                    ; Normal compilation                    ;
; HDL message level                                                          ; Level2                                ; Level2                                ;
; Suppress Register Optimization Related Messages                            ; Off                                   ; Off                                   ;
; Number of Removed Registers Reported in Synthesis Report                   ; 5000                                  ; 5000                                  ;
; Number of Swept Nodes Reported in Synthesis Report                         ; 5000                                  ; 5000                                  ;
; Number of Inverted Registers Reported in Synthesis Report                  ; 100                                   ; 100                                   ;
; Clock MUX Protection                                                       ; On                                    ; On                                    ;
; Auto Gated Clock Conversion                                                ; Off                                   ; Off                                   ;
; Block Design Naming                                                        ; Auto                                  ; Auto                                  ;
; SDC constraint protection                                                  ; Off                                   ; Off                                   ;
; Synthesis Effort                                                           ; Auto                                  ; Auto                                  ;
; Shift Register Replacement - Allow Asynchronous Clear Signal               ; On                                    ; On                                    ;
; Pre-Mapping Resynthesis Optimization                                       ; Off                                   ; Off                                   ;
; Analysis & Synthesis Message Level                                         ; Medium                                ; Medium                                ;
; Disable Register Merging Across Hierarchies                                ; Auto                                  ; Auto                                  ;
; Resource Aware Inference For Block RAM                                     ; On                                    ; On                                    ;
; Synthesis Seed                                                             ; 1                                     ; 1                                     ;
+----------------------------------------------------------------------------+---------------------------------------+---------------------------------------+


Parallel compilation was disabled, but you have multiple processors available. Enable parallel compilation to reduce compilation time.
+-------------------------------------+
; Parallel Compilation                ;
+----------------------------+--------+
; Processors                 ; Number ;
+----------------------------+--------+
; Number detected on machine ; 20     ;
; Maximum allowed            ; 1      ;
+----------------------------+--------+


+-------------------------------------------------------------------------------------------------------------------------------------------------------------------------------------------------------------------+
; Analysis & Synthesis Source Files Read                                                                                                                                                                            ;
+------------------------------------------+-----------------+------------------------------+-------------------------------------------------------------------------------------------------------------+---------+
; File Name with User-Entered Path         ; Used in Netlist ; File Type                    ; File Name with Absolute Path                                                                                ; Library ;
+------------------------------------------+-----------------+------------------------------+-------------------------------------------------------------------------------------------------------------+---------+
; dividerkeyer.sv                          ; yes             ; User SystemVerilog HDL File  ; C:/Users/charl/Documents/Quartus/ongakucircuits_fpga_voiceassigner/dividerkeyer.sv                          ;         ;
; spi_receiver.sv                          ; yes             ; User SystemVerilog HDL File  ; C:/Users/charl/Documents/Quartus/ongakucircuits_fpga_voiceassigner/spi_receiver.sv                          ;         ;
; ongakucircuits_fpga_voiceassigner_top.sv ; yes             ; User SystemVerilog HDL File  ; C:/Users/charl/Documents/Quartus/ongakucircuits_fpga_voiceassigner/ongakucircuits_fpga_voiceassigner_top.sv ;         ;
; mux74hc4067.sv                           ; yes             ; User SystemVerilog HDL File  ; C:/Users/charl/Documents/Quartus/ongakucircuits_fpga_voiceassigner/mux74hc4067.sv                           ;         ;
; divcd4024.sv                             ; yes             ; User SystemVerilog HDL File  ; C:/Users/charl/Documents/Quartus/ongakucircuits_fpga_voiceassigner/divcd4024.sv                             ;         ;
; clocksync.sv                             ; yes             ; User SystemVerilog HDL File  ; C:/Users/charl/Documents/Quartus/ongakucircuits_fpga_voiceassigner/clocksync.sv                             ;         ;
+------------------------------------------+-----------------+------------------------------+-------------------------------------------------------------------------------------------------------------+---------+


+------------------------------------------------------------------------------------+
; Analysis & Synthesis Resource Usage Summary                                        ;
+---------------------------------------------+--------------------------------------+
; Resource                                    ; Usage                                ;
+---------------------------------------------+--------------------------------------+
; Estimated Total logic elements              ; 330                                  ;
;                                             ;                                      ;
; Total combinational functions               ; 264                                  ;
; Logic element usage by number of LUT inputs ;                                      ;
;     -- 4 input functions                    ; 67                                   ;
;     -- 3 input functions                    ; 72                                   ;
;     -- <=2 input functions                  ; 125                                  ;
;                                             ;                                      ;
; Logic elements by mode                      ;                                      ;
;     -- normal mode                          ; 219                                  ;
;     -- arithmetic mode                      ; 45                                   ;
;                                             ;                                      ;
; Total registers                             ; 191                                  ;
;     -- Dedicated logic registers            ; 191                                  ;
;     -- I/O registers                        ; 0                                    ;
;                                             ;                                      ;
; I/O pins                                    ; 93                                   ;
; Embedded Multiplier 9-bit elements          ; 0                                    ;
; Maximum fan-out node                        ; clocksync:synchroniser_srclk|sreg[1] ;
; Maximum fan-out                             ; 133                                  ;
; Total fan-out                               ; 1205                                 ;
; Average fan-out                             ; 2.20                                 ;
+---------------------------------------------+--------------------------------------+


+--------------------------------------------------------------------------------------------------------------------------------------------------------------------------------------------------------------------------------------------------------------+
; Analysis & Synthesis Resource Utilization by Entity                                                                                                                                                                                                          ;
+----------------------------------------+-------------------+--------------+-------------+--------------+---------+-----------+------+--------------+------------------------------------------------------------------------------------------+--------------+
; Compilation Hierarchy Node             ; LC Combinationals ; LC Registers ; Memory Bits ; DSP Elements ; DSP 9x9 ; DSP 18x18 ; Pins ; Virtual Pins ; Full Hierarchy Name                                                                      ; Library Name ;
+----------------------------------------+-------------------+--------------+-------------+--------------+---------+-----------+------+--------------+------------------------------------------------------------------------------------------+--------------+
; |ongakucircuits_fpga_voiceassigner_top ; 264 (8)           ; 191 (0)      ; 0           ; 0            ; 0       ; 0         ; 93   ; 0            ; |ongakucircuits_fpga_voiceassigner_top                                                   ; work         ;
;    |clocksync:synchroniser_srclk|      ; 0 (0)             ; 2 (2)        ; 0           ; 0            ; 0       ; 0         ; 0    ; 0            ; |ongakucircuits_fpga_voiceassigner_top|clocksync:synchroniser_srclk                      ; work         ;
;    |dividerkeyer:dividerkeyer2|        ; 184 (0)           ; 56 (0)       ; 0           ; 0            ; 0       ; 0         ; 0    ; 0            ; |ongakucircuits_fpga_voiceassigner_top|dividerkeyer:dividerkeyer2                        ; work         ;
;       |divcd4024:freqdiv1|             ; 7 (7)             ; 7 (7)        ; 0           ; 0            ; 0       ; 0         ; 0    ; 0            ; |ongakucircuits_fpga_voiceassigner_top|dividerkeyer:dividerkeyer2|divcd4024:freqdiv1     ; work         ;
;       |divcd4024:freqdiv2|             ; 7 (7)             ; 7 (7)        ; 0           ; 0            ; 0       ; 0         ; 0    ; 0            ; |ongakucircuits_fpga_voiceassigner_top|dividerkeyer:dividerkeyer2|divcd4024:freqdiv2     ; work         ;
;       |divcd4024:freqdiv3|             ; 7 (7)             ; 7 (7)        ; 0           ; 0            ; 0       ; 0         ; 0    ; 0            ; |ongakucircuits_fpga_voiceassigner_top|dividerkeyer:dividerkeyer2|divcd4024:freqdiv3     ; work         ;
;       |divcd4024:freqdiv4|             ; 7 (7)             ; 7 (7)        ; 0           ; 0            ; 0       ; 0         ; 0    ; 0            ; |ongakucircuits_fpga_voiceassigner_top|dividerkeyer:dividerkeyer2|divcd4024:freqdiv4     ; work         ;
;       |divcd4024:freqdiv5|             ; 7 (7)             ; 7 (7)        ; 0           ; 0            ; 0       ; 0         ; 0    ; 0            ; |ongakucircuits_fpga_voiceassigner_top|dividerkeyer:dividerkeyer2|divcd4024:freqdiv5     ; work         ;
;       |divcd4024:freqdiv6|             ; 7 (7)             ; 7 (7)        ; 0           ; 0            ; 0       ; 0         ; 0    ; 0            ; |ongakucircuits_fpga_voiceassigner_top|dividerkeyer:dividerkeyer2|divcd4024:freqdiv6     ; work         ;
;       |divcd4024:freqdiv7|             ; 7 (7)             ; 7 (7)        ; 0           ; 0            ; 0       ; 0         ; 0    ; 0            ; |ongakucircuits_fpga_voiceassigner_top|dividerkeyer:dividerkeyer2|divcd4024:freqdiv7     ; work         ;
;       |divcd4024:freqdiv8|             ; 7 (7)             ; 7 (7)        ; 0           ; 0            ; 0       ; 0         ; 0    ; 0            ; |ongakucircuits_fpga_voiceassigner_top|dividerkeyer:dividerkeyer2|divcd4024:freqdiv8     ; work         ;
;       |mux74hc4067:octavemux1|         ; 5 (5)             ; 0 (0)        ; 0           ; 0            ; 0       ; 0         ; 0    ; 0            ; |ongakucircuits_fpga_voiceassigner_top|dividerkeyer:dividerkeyer2|mux74hc4067:octavemux1 ; work         ;
;       |mux74hc4067:octavemux2|         ; 5 (5)             ; 0 (0)        ; 0           ; 0            ; 0       ; 0         ; 0    ; 0            ; |ongakucircuits_fpga_voiceassigner_top|dividerkeyer:dividerkeyer2|mux74hc4067:octavemux2 ; work         ;
;       |mux74hc4067:octavemux3|         ; 5 (5)             ; 0 (0)        ; 0           ; 0            ; 0       ; 0         ; 0    ; 0            ; |ongakucircuits_fpga_voiceassigner_top|dividerkeyer:dividerkeyer2|mux74hc4067:octavemux3 ; work         ;
;       |mux74hc4067:octavemux4|         ; 5 (5)             ; 0 (0)        ; 0           ; 0            ; 0       ; 0         ; 0    ; 0            ; |ongakucircuits_fpga_voiceassigner_top|dividerkeyer:dividerkeyer2|mux74hc4067:octavemux4 ; work         ;
;       |mux74hc4067:octavemux5|         ; 5 (5)             ; 0 (0)        ; 0           ; 0            ; 0       ; 0         ; 0    ; 0            ; |ongakucircuits_fpga_voiceassigner_top|dividerkeyer:dividerkeyer2|mux74hc4067:octavemux5 ; work         ;
;       |mux74hc4067:octavemux6|         ; 5 (5)             ; 0 (0)        ; 0           ; 0            ; 0       ; 0         ; 0    ; 0            ; |ongakucircuits_fpga_voiceassigner_top|dividerkeyer:dividerkeyer2|mux74hc4067:octavemux6 ; work         ;
;       |mux74hc4067:octavemux7|         ; 5 (5)             ; 0 (0)        ; 0           ; 0            ; 0       ; 0         ; 0    ; 0            ; |ongakucircuits_fpga_voiceassigner_top|dividerkeyer:dividerkeyer2|mux74hc4067:octavemux7 ; work         ;
;       |mux74hc4067:octavemux8|         ; 5 (5)             ; 0 (0)        ; 0           ; 0            ; 0       ; 0         ; 0    ; 0            ; |ongakucircuits_fpga_voiceassigner_top|dividerkeyer:dividerkeyer2|mux74hc4067:octavemux8 ; work         ;
;       |mux74hc4067:pitchmux1|          ; 11 (11)           ; 0 (0)        ; 0           ; 0            ; 0       ; 0         ; 0    ; 0            ; |ongakucircuits_fpga_voiceassigner_top|dividerkeyer:dividerkeyer2|mux74hc4067:pitchmux1  ; work         ;
;       |mux74hc4067:pitchmux2|          ; 11 (11)           ; 0 (0)        ; 0           ; 0            ; 0       ; 0         ; 0    ; 0            ; |ongakucircuits_fpga_voiceassigner_top|dividerkeyer:dividerkeyer2|mux74hc4067:pitchmux2  ; work         ;
;       |mux74hc4067:pitchmux3|          ; 11 (11)           ; 0 (0)        ; 0           ; 0            ; 0       ; 0         ; 0    ; 0            ; |ongakucircuits_fpga_voiceassigner_top|dividerkeyer:dividerkeyer2|mux74hc4067:pitchmux3  ; work         ;
;       |mux74hc4067:pitchmux4|          ; 11 (11)           ; 0 (0)        ; 0           ; 0            ; 0       ; 0         ; 0    ; 0            ; |ongakucircuits_fpga_voiceassigner_top|dividerkeyer:dividerkeyer2|mux74hc4067:pitchmux4  ; work         ;
;       |mux74hc4067:pitchmux5|          ; 11 (11)           ; 0 (0)        ; 0           ; 0            ; 0       ; 0         ; 0    ; 0            ; |ongakucircuits_fpga_voiceassigner_top|dividerkeyer:dividerkeyer2|mux74hc4067:pitchmux5  ; work         ;
;       |mux74hc4067:pitchmux6|          ; 11 (11)           ; 0 (0)        ; 0           ; 0            ; 0       ; 0         ; 0    ; 0            ; |ongakucircuits_fpga_voiceassigner_top|dividerkeyer:dividerkeyer2|mux74hc4067:pitchmux6  ; work         ;
;       |mux74hc4067:pitchmux7|          ; 11 (11)           ; 0 (0)        ; 0           ; 0            ; 0       ; 0         ; 0    ; 0            ; |ongakucircuits_fpga_voiceassigner_top|dividerkeyer:dividerkeyer2|mux74hc4067:pitchmux7  ; work         ;
;       |mux74hc4067:pitchmux8|          ; 11 (11)           ; 0 (0)        ; 0           ; 0            ; 0       ; 0         ; 0    ; 0            ; |ongakucircuits_fpga_voiceassigner_top|dividerkeyer:dividerkeyer2|mux74hc4067:pitchmux8  ; work         ;
;    |spireceiver:spireceiver|           ; 72 (72)           ; 133 (133)    ; 0           ; 0            ; 0       ; 0         ; 0    ; 0            ; |ongakucircuits_fpga_voiceassigner_top|spireceiver:spireceiver                           ; work         ;
+----------------------------------------+-------------------+--------------+-------------+--------------+---------+-----------+------+--------------+------------------------------------------------------------------------------------------+--------------+
Note: For table entries with two numbers listed, the numbers in parentheses indicate the number of resources of the given type used by the specific entity alone. The numbers listed outside of parentheses indicate the total resources of the given type used by the specific entity and all of its sub-entities in the hierarchy.


+------------------------------------------------------+
; General Register Statistics                          ;
+----------------------------------------------+-------+
; Statistic                                    ; Value ;
+----------------------------------------------+-------+
; Total registers                              ; 191   ;
; Number of registers using Synchronous Clear  ; 6     ;
; Number of registers using Synchronous Load   ; 0     ;
; Number of registers using Asynchronous Clear ; 0     ;
; Number of registers using Asynchronous Load  ; 0     ;
; Number of registers using Clock Enable       ; 64    ;
; Number of registers using Preset             ; 0     ;
+----------------------------------------------+-------+


+------------------------------------------------------------------------------------------------------------------------------------------------------------------------------------------+
; Multiplexer Restructuring Statistics (Restructuring Performed)                                                                                                                           ;
+--------------------+-----------+---------------+----------------------+------------------------+------------+----------------------------------------------------------------------------+
; Multiplexer Inputs ; Bus Width ; Baseline Area ; Area if Restructured ; Saving if Restructured ; Registered ; Example Multiplexer Output                                                 ;
+--------------------+-----------+---------------+----------------------+------------------------+------------+----------------------------------------------------------------------------+
; 3:1                ; 6 bits    ; 12 LEs        ; 6 LEs                ; 6 LEs                  ; Yes        ; |ongakucircuits_fpga_voiceassigner_top|spireceiver:spireceiver|bitCount[0] ;
+--------------------+-----------+---------------+----------------------+------------------------+------------+----------------------------------------------------------------------------+


+--------------------------------------------------------+
; Port Connectivity Checks: "dividerkeyer:dividerkeyer2" ;
+----------------+-------+----------+--------------------+
; Port           ; Type  ; Severity ; Details            ;
+----------------+-------+----------+--------------------+
; TOG_IN[15..12] ; Input ; Info     ; Stuck at GND       ;
+----------------+-------+----------+--------------------+


+-------------------------------------------------------------------------------+
; Port Connectivity Checks: "dividerkeyer:dividerkeyer1|mux74hc4067:octavemux8" ;
+------------+-------+----------+-----------------------------------------------+
; Port       ; Type  ; Severity ; Details                                       ;
+------------+-------+----------+-----------------------------------------------+
; din[15..7] ; Input ; Info     ; Stuck at GND                                  ;
; en         ; Input ; Info     ; Stuck at GND                                  ;
+------------+-------+----------+-----------------------------------------------+


+-------------------------------------------------------------------------------+
; Port Connectivity Checks: "dividerkeyer:dividerkeyer1|mux74hc4067:octavemux7" ;
+------------+-------+----------+-----------------------------------------------+
; Port       ; Type  ; Severity ; Details                                       ;
+------------+-------+----------+-----------------------------------------------+
; din[15..7] ; Input ; Info     ; Stuck at GND                                  ;
; en         ; Input ; Info     ; Stuck at GND                                  ;
+------------+-------+----------+-----------------------------------------------+


+-------------------------------------------------------------------------------+
; Port Connectivity Checks: "dividerkeyer:dividerkeyer1|mux74hc4067:octavemux6" ;
+------------+-------+----------+-----------------------------------------------+
; Port       ; Type  ; Severity ; Details                                       ;
+------------+-------+----------+-----------------------------------------------+
; din[15..7] ; Input ; Info     ; Stuck at GND                                  ;
; en         ; Input ; Info     ; Stuck at GND                                  ;
+------------+-------+----------+-----------------------------------------------+


+-------------------------------------------------------------------------------+
; Port Connectivity Checks: "dividerkeyer:dividerkeyer1|mux74hc4067:octavemux5" ;
+------------+-------+----------+-----------------------------------------------+
; Port       ; Type  ; Severity ; Details                                       ;
+------------+-------+----------+-----------------------------------------------+
; din[15..7] ; Input ; Info     ; Stuck at GND                                  ;
; en         ; Input ; Info     ; Stuck at GND                                  ;
+------------+-------+----------+-----------------------------------------------+


+-------------------------------------------------------------------------------+
; Port Connectivity Checks: "dividerkeyer:dividerkeyer1|mux74hc4067:octavemux4" ;
+------------+-------+----------+-----------------------------------------------+
; Port       ; Type  ; Severity ; Details                                       ;
+------------+-------+----------+-----------------------------------------------+
; din[15..7] ; Input ; Info     ; Stuck at GND                                  ;
; en         ; Input ; Info     ; Stuck at GND                                  ;
+------------+-------+----------+-----------------------------------------------+


+-------------------------------------------------------------------------------+
; Port Connectivity Checks: "dividerkeyer:dividerkeyer1|mux74hc4067:octavemux3" ;
+------------+-------+----------+-----------------------------------------------+
; Port       ; Type  ; Severity ; Details                                       ;
+------------+-------+----------+-----------------------------------------------+
; din[15..7] ; Input ; Info     ; Stuck at GND                                  ;
; en         ; Input ; Info     ; Stuck at GND                                  ;
+------------+-------+----------+-----------------------------------------------+


+-------------------------------------------------------------------------------+
; Port Connectivity Checks: "dividerkeyer:dividerkeyer1|mux74hc4067:octavemux2" ;
+------------+-------+----------+-----------------------------------------------+
; Port       ; Type  ; Severity ; Details                                       ;
+------------+-------+----------+-----------------------------------------------+
; din[15..7] ; Input ; Info     ; Stuck at GND                                  ;
; en         ; Input ; Info     ; Stuck at GND                                  ;
+------------+-------+----------+-----------------------------------------------+


+-------------------------------------------------------------------------------+
; Port Connectivity Checks: "dividerkeyer:dividerkeyer1|mux74hc4067:octavemux1" ;
+------------+-------+----------+-----------------------------------------------+
; Port       ; Type  ; Severity ; Details                                       ;
+------------+-------+----------+-----------------------------------------------+
; din[15..7] ; Input ; Info     ; Stuck at GND                                  ;
; en         ; Input ; Info     ; Stuck at GND                                  ;
+------------+-------+----------+-----------------------------------------------+


+---------------------------------------------------------------------------+
; Port Connectivity Checks: "dividerkeyer:dividerkeyer1|divcd4024:freqdiv8" ;
+------+-------+----------+-------------------------------------------------+
; Port ; Type  ; Severity ; Details                                         ;
+------+-------+----------+-------------------------------------------------+
; rst  ; Input ; Info     ; Stuck at GND                                    ;
+------+-------+----------+-------------------------------------------------+


+---------------------------------------------------------------------------+
; Port Connectivity Checks: "dividerkeyer:dividerkeyer1|divcd4024:freqdiv7" ;
+------+-------+----------+-------------------------------------------------+
; Port ; Type  ; Severity ; Details                                         ;
+------+-------+----------+-------------------------------------------------+
; rst  ; Input ; Info     ; Stuck at GND                                    ;
+------+-------+----------+-------------------------------------------------+


+---------------------------------------------------------------------------+
; Port Connectivity Checks: "dividerkeyer:dividerkeyer1|divcd4024:freqdiv6" ;
+------+-------+----------+-------------------------------------------------+
; Port ; Type  ; Severity ; Details                                         ;
+------+-------+----------+-------------------------------------------------+
; rst  ; Input ; Info     ; Stuck at GND                                    ;
+------+-------+----------+-------------------------------------------------+


+---------------------------------------------------------------------------+
; Port Connectivity Checks: "dividerkeyer:dividerkeyer1|divcd4024:freqdiv5" ;
+------+-------+----------+-------------------------------------------------+
; Port ; Type  ; Severity ; Details                                         ;
+------+-------+----------+-------------------------------------------------+
; rst  ; Input ; Info     ; Stuck at GND                                    ;
+------+-------+----------+-------------------------------------------------+


+---------------------------------------------------------------------------+
; Port Connectivity Checks: "dividerkeyer:dividerkeyer1|divcd4024:freqdiv4" ;
+------+-------+----------+-------------------------------------------------+
; Port ; Type  ; Severity ; Details                                         ;
+------+-------+----------+-------------------------------------------------+
; rst  ; Input ; Info     ; Stuck at GND                                    ;
+------+-------+----------+-------------------------------------------------+


+---------------------------------------------------------------------------+
; Port Connectivity Checks: "dividerkeyer:dividerkeyer1|divcd4024:freqdiv3" ;
+------+-------+----------+-------------------------------------------------+
; Port ; Type  ; Severity ; Details                                         ;
+------+-------+----------+-------------------------------------------------+
; rst  ; Input ; Info     ; Stuck at GND                                    ;
+------+-------+----------+-------------------------------------------------+


+---------------------------------------------------------------------------+
; Port Connectivity Checks: "dividerkeyer:dividerkeyer1|divcd4024:freqdiv2" ;
+------+-------+----------+-------------------------------------------------+
; Port ; Type  ; Severity ; Details                                         ;
+------+-------+----------+-------------------------------------------------+
; rst  ; Input ; Info     ; Stuck at GND                                    ;
+------+-------+----------+-------------------------------------------------+


+---------------------------------------------------------------------------+
; Port Connectivity Checks: "dividerkeyer:dividerkeyer1|divcd4024:freqdiv1" ;
+------+-------+----------+-------------------------------------------------+
; Port ; Type  ; Severity ; Details                                         ;
+------+-------+----------+-------------------------------------------------+
; rst  ; Input ; Info     ; Stuck at GND                                    ;
+------+-------+----------+-------------------------------------------------+


+------------------------------------------------------------------------------+
; Port Connectivity Checks: "dividerkeyer:dividerkeyer1|mux74hc4067:pitchmux8" ;
+------+-------+----------+----------------------------------------------------+
; Port ; Type  ; Severity ; Details                                            ;
+------+-------+----------+----------------------------------------------------+
; en   ; Input ; Info     ; Stuck at GND                                       ;
+------+-------+----------+----------------------------------------------------+


+------------------------------------------------------------------------------+
; Port Connectivity Checks: "dividerkeyer:dividerkeyer1|mux74hc4067:pitchmux7" ;
+------+-------+----------+----------------------------------------------------+
; Port ; Type  ; Severity ; Details                                            ;
+------+-------+----------+----------------------------------------------------+
; en   ; Input ; Info     ; Stuck at GND                                       ;
+------+-------+----------+----------------------------------------------------+


+------------------------------------------------------------------------------+
; Port Connectivity Checks: "dividerkeyer:dividerkeyer1|mux74hc4067:pitchmux6" ;
+------+-------+----------+----------------------------------------------------+
; Port ; Type  ; Severity ; Details                                            ;
+------+-------+----------+----------------------------------------------------+
; en   ; Input ; Info     ; Stuck at GND                                       ;
+------+-------+----------+----------------------------------------------------+


+------------------------------------------------------------------------------+
; Port Connectivity Checks: "dividerkeyer:dividerkeyer1|mux74hc4067:pitchmux5" ;
+------+-------+----------+----------------------------------------------------+
; Port ; Type  ; Severity ; Details                                            ;
+------+-------+----------+----------------------------------------------------+
; en   ; Input ; Info     ; Stuck at GND                                       ;
+------+-------+----------+----------------------------------------------------+


+------------------------------------------------------------------------------+
; Port Connectivity Checks: "dividerkeyer:dividerkeyer1|mux74hc4067:pitchmux4" ;
+------+-------+----------+----------------------------------------------------+
; Port ; Type  ; Severity ; Details                                            ;
+------+-------+----------+----------------------------------------------------+
; en   ; Input ; Info     ; Stuck at GND                                       ;
+------+-------+----------+----------------------------------------------------+


+------------------------------------------------------------------------------+
; Port Connectivity Checks: "dividerkeyer:dividerkeyer1|mux74hc4067:pitchmux3" ;
+------+-------+----------+----------------------------------------------------+
; Port ; Type  ; Severity ; Details                                            ;
+------+-------+----------+----------------------------------------------------+
; en   ; Input ; Info     ; Stuck at GND                                       ;
+------+-------+----------+----------------------------------------------------+


+------------------------------------------------------------------------------+
; Port Connectivity Checks: "dividerkeyer:dividerkeyer1|mux74hc4067:pitchmux2" ;
+------+-------+----------+----------------------------------------------------+
; Port ; Type  ; Severity ; Details                                            ;
+------+-------+----------+----------------------------------------------------+
; en   ; Input ; Info     ; Stuck at GND                                       ;
+------+-------+----------+----------------------------------------------------+


+------------------------------------------------------------------------------+
; Port Connectivity Checks: "dividerkeyer:dividerkeyer1|mux74hc4067:pitchmux1" ;
+------+-------+----------+----------------------------------------------------+
; Port ; Type  ; Severity ; Details                                            ;
+------+-------+----------+----------------------------------------------------+
; en   ; Input ; Info     ; Stuck at GND                                       ;
+------+-------+----------+----------------------------------------------------+


+--------------------------------------------------------------------------------------------------------------------------+
; Port Connectivity Checks: "dividerkeyer:dividerkeyer1"                                                                   ;
+----------------+--------+----------+-------------------------------------------------------------------------------------+
; Port           ; Type   ; Severity ; Details                                                                             ;
+----------------+--------+----------+-------------------------------------------------------------------------------------+
; TOG_IN[15..12] ; Input  ; Info     ; Stuck at GND                                                                        ;
; voices         ; Output ; Info     ; Connected to dangling logic. Logic that only feeds a dangling port will be removed. ;
+----------------+--------+----------+-------------------------------------------------------------------------------------+


+----------------------------------------------------------------------------------------------------------------+
; Port Connectivity Checks: "spireceiver:spireceiver"                                                            ;
+------+--------+----------+-------------------------------------------------------------------------------------+
; Port ; Type   ; Severity ; Details                                                                             ;
+------+--------+----------+-------------------------------------------------------------------------------------+
; ack  ; Output ; Info     ; Connected to dangling logic. Logic that only feeds a dangling port will be removed. ;
+------+--------+----------+-------------------------------------------------------------------------------------+


+-------------------------------+
; Elapsed Time Per Partition    ;
+----------------+--------------+
; Partition Name ; Elapsed Time ;
+----------------+--------------+
; Top            ; 00:00:01     ;
+----------------+--------------+


+-------------------------------+
; Analysis & Synthesis Messages ;
+-------------------------------+
Info: *******************************************************************
Info: Running Quartus II 64-Bit Analysis & Synthesis
    Info: Version 13.0.1 Build 232 06/12/2013 Service Pack 1 SJ Web Edition
    Info: Processing started: Sun Sep 20 12:53:37 2026
Info: Command: quartus_map --read_settings_files=on --write_settings_files=off ongakucircuits_fpga_voiceassigner -c ongakucircuits_fpga_voiceassigner_top
Warning (20028): Parallel compilation is not licensed and has been disabled
Info (12021): Found 1 design units, including 1 entities, in source file dividerkeyer.sv
    Info (12023): Found entity 1: dividerkeyer
Info (12021): Found 1 design units, including 1 entities, in source file spi_receiver.sv
    Info (12023): Found entity 1: spireceiver
Info (12021): Found 1 design units, including 1 entities, in source file counter.sv
    Info (12023): Found entity 1: counter
Info (12021): Found 1 design units, including 1 entities, in source file ongakucircuits_fpga_voiceassigner_top.sv
    Info (12023): Found entity 1: ongakucircuits_fpga_voiceassigner_top
Info (12021): Found 1 design units, including 1 entities, in source file sr74hc595.sv
    Info (12023): Found entity 1: sr74hc595
Info (12021): Found 1 design units, including 1 entities, in source file mux74hc4067.sv
    Info (12023): Found entity 1: mux74hc4067
Info (12021): Found 1 design units, including 1 entities, in source file divcd4024.sv
    Info (12023): Found entity 1: divcd4024
Info (12021): Found 1 design units, including 1 entities, in source file ongakucircuits_fpga_voiceassigner_sim.sv
    Info (12023): Found entity 1: ongakucircuits_fpga_voiceassigner_sim
Info (12021): Found 1 design units, including 1 entities, in source file ongakucircuits_fpga_voiceassigner_tb.sv
    Info (12023): Found entity 1: ongakucircuits_fpga_voiceassigner_tb
Info (12021): Found 1 design units, including 1 entities, in source file clocksync.sv
    Info (12023): Found entity 1: clocksync
Info (12127): Elaborating entity "ongakucircuits_fpga_voiceassigner_top" for the top level hierarchy
Info (12128): Elaborating entity "clocksync" for hierarchy "clocksync:synchroniser_srclk"
Info (12128): Elaborating entity "spireceiver" for hierarchy "spireceiver:spireceiver"
Info (12128): Elaborating entity "dividerkeyer" for hierarchy "dividerkeyer:dividerkeyer1"
Info (12128): Elaborating entity "mux74hc4067" for hierarchy "dividerkeyer:dividerkeyer1|mux74hc4067:pitchmux1"
Info (12128): Elaborating entity "divcd4024" for hierarchy "dividerkeyer:dividerkeyer1|divcd4024:freqdiv1"
Warning (13046): Tri-state node(s) do not directly drive top-level pin(s)
    Warning (13049): Converted tri-state buffer "dividerkeyer:dividerkeyer2|mux74hc4067:pitchmux8|out" feeding internal logic into a wire
    Warning (13049): Converted tri-state buffer "dividerkeyer:dividerkeyer2|mux74hc4067:pitchmux7|out" feeding internal logic into a wire
    Warning (13049): Converted tri-state buffer "dividerkeyer:dividerkeyer2|mux74hc4067:pitchmux6|out" feeding internal logic into a wire
    Warning (13049): Converted tri-state buffer "dividerkeyer:dividerkeyer2|mux74hc4067:pitchmux5|out" feeding internal logic into a wire
    Warning (13049): Converted tri-state buffer "dividerkeyer:dividerkeyer2|mux74hc4067:pitchmux4|out" feeding internal logic into a wire
    Warning (13049): Converted tri-state buffer "dividerkeyer:dividerkeyer2|mux74hc4067:pitchmux3|out" feeding internal logic into a wire
    Warning (13049): Converted tri-state buffer "dividerkeyer:dividerkeyer2|mux74hc4067:pitchmux2|out" feeding internal logic into a wire
    Warning (13049): Converted tri-state buffer "dividerkeyer:dividerkeyer2|mux74hc4067:pitchmux1|out" feeding internal logic into a wire
Warning (19016): Clock multiplexers are found and protected
    Warning (19017): Found clock multiplexer dividerkeyer:dividerkeyer2|mux74hc4067:pitchmux1|Mux0
    Warning (19017): Found clock multiplexer dividerkeyer:dividerkeyer2|mux74hc4067:pitchmux2|Mux0
    Warning (19017): Found clock multiplexer dividerkeyer:dividerkeyer2|mux74hc4067:pitchmux3|Mux0
    Warning (19017): Found clock multiplexer dividerkeyer:dividerkeyer2|mux74hc4067:pitchmux4|Mux0
    Warning (19017): Found clock multiplexer dividerkeyer:dividerkeyer2|mux74hc4067:pitchmux5|Mux0
    Warning (19017): Found clock multiplexer dividerkeyer:dividerkeyer2|mux74hc4067:pitchmux6|Mux0
    Warning (19017): Found clock multiplexer dividerkeyer:dividerkeyer2|mux74hc4067:pitchmux7|Mux0
    Warning (19017): Found clock multiplexer dividerkeyer:dividerkeyer2|mux74hc4067:pitchmux8|Mux0
Warning (13034): The following nodes have both tri-state and non-tri-state drivers
    Warning (13035): Inserted always-enabled tri-state buffer between "GPIO_0[26]" and its non-tri-state driver.
    Warning (13035): Inserted always-enabled tri-state buffer between "GPIO_0[27]" and its non-tri-state driver.
    Warning (13035): Inserted always-enabled tri-state buffer between "GPIO_0[28]" and its non-tri-state driver.
    Warning (13035): Inserted always-enabled tri-state buffer between "GPIO_0[29]" and its non-tri-state driver.
    Warning (13035): Inserted always-enabled tri-state buffer between "GPIO_0[30]" and its non-tri-state driver.
    Warning (13035): Inserted always-enabled tri-state buffer between "GPIO_0[31]" and its non-tri-state driver.
    Warning (13035): Inserted always-enabled tri-state buffer between "GPIO_0[32]" and its non-tri-state driver.
    Warning (13035): Inserted always-enabled tri-state buffer between "GPIO_0[33]" and its non-tri-state driver.
Warning (13039): The following bidir pins have no drivers
    Warning (13040): Bidir "GPIO_0[3]" has no driver
    Warning (13040): Bidir "GPIO_0[4]" has no driver
    Warning (13040): Bidir "GPIO_0[5]" has no driver
    Warning (13040): Bidir "GPIO_0[34]" has no driver
    Warning (13040): Bidir "GPIO_0[35]" has no driver
    Warning (13040): Bidir "GPIO_1[12]" has no driver
    Warning (13040): Bidir "GPIO_1[13]" has no driver
    Warning (13040): Bidir "GPIO_1[14]" has no driver
    Warning (13040): Bidir "GPIO_1[15]" has no driver
    Warning (13040): Bidir "GPIO_1[16]" has no driver
    Warning (13040): Bidir "GPIO_1[17]" has no driver
    Warning (13040): Bidir "GPIO_1[18]" has no driver
    Warning (13040): Bidir "GPIO_1[19]" has no driver
    Warning (13040): Bidir "GPIO_1[20]" has no driver
    Warning (13040): Bidir "GPIO_1[21]" has no driver
    Warning (13040): Bidir "GPIO_1[22]" has no driver
    Warning (13040): Bidir "GPIO_1[23]" has no driver
    Warning (13040): Bidir "GPIO_1[24]" has no driver
    Warning (13040): Bidir "GPIO_1[25]" has no driver
    Warning (13040): Bidir "GPIO_1[26]" has no driver
    Warning (13040): Bidir "GPIO_1[27]" has no driver
    Warning (13040): Bidir "GPIO_1[28]" has no driver
    Warning (13040): Bidir "GPIO_1[29]" has no driver
    Warning (13040): Bidir "GPIO_1[30]" has no driver
    Warning (13040): Bidir "GPIO_1[31]" has no driver
    Warning (13040): Bidir "GPIO_1[32]" has no driver
    Warning (13040): Bidir "GPIO_1[33]" has no driver
    Warning (13040): Bidir "GPIO_1[34]" has no driver
    Warning (13040): Bidir "GPIO_1[35]" has no driver
Warning (13009): TRI or OPNDRN buffers permanently enabled
    Warning (13010): Node "dividerkeyer:dividerkeyer2|mux74hc4067:octavemux1|out"
    Warning (13010): Node "dividerkeyer:dividerkeyer2|mux74hc4067:octavemux2|out"
    Warning (13010): Node "dividerkeyer:dividerkeyer2|mux74hc4067:octavemux3|out"
    Warning (13010): Node "dividerkeyer:dividerkeyer2|mux74hc4067:octavemux4|out"
    Warning (13010): Node "dividerkeyer:dividerkeyer2|mux74hc4067:octavemux5|out"
    Warning (13010): Node "dividerkeyer:dividerkeyer2|mux74hc4067:octavemux6|out"
    Warning (13010): Node "dividerkeyer:dividerkeyer2|mux74hc4067:octavemux7|out"
    Warning (13010): Node "dividerkeyer:dividerkeyer2|mux74hc4067:octavemux8|out"
    Warning (13010): Node "GPIO_0[26]~synth"
    Warning (13010): Node "GPIO_0[27]~synth"
    Warning (13010): Node "GPIO_0[28]~synth"
    Warning (13010): Node "GPIO_0[29]~synth"
    Warning (13010): Node "GPIO_0[30]~synth"
    Warning (13010): Node "GPIO_0[31]~synth"
    Warning (13010): Node "GPIO_0[32]~synth"
    Warning (13010): Node "GPIO_0[33]~synth"
Warning (18029): Output pin "LEDR[0]" driven by bidirectional pin "GPIO_0[6]" cannot be tri-stated
Warning (18029): Output pin "LEDR[1]" driven by bidirectional pin "GPIO_0[7]" cannot be tri-stated
Warning (18029): Output pin "LEDR[2]" driven by bidirectional pin "GPIO_0[8]" cannot be tri-stated
Warning (18029): Output pin "LEDR[3]" driven by bidirectional pin "GPIO_0[9]" cannot be tri-stated
Warning (18029): Output pin "LEDR[4]" driven by bidirectional pin "GPIO_0[10]" cannot be tri-stated
Warning (18029): Output pin "LEDR[5]" driven by bidirectional pin "GPIO_0[11]" cannot be tri-stated
Warning (18029): Output pin "LEDR[6]" driven by bidirectional pin "GPIO_0[12]" cannot be tri-stated
Warning (18029): Output pin "LEDR[7]" driven by bidirectional pin "GPIO_0[13]" cannot be tri-stated
Warning (18029): Output pin "LEDR[8]" driven by bidirectional pin "GPIO_0[14]" cannot be tri-stated
Warning (18029): Output pin "LEDR[9]" driven by bidirectional pin "GPIO_0[15]" cannot be tri-stated
Warning (18029): Output pin "LEDR[10]" driven by bidirectional pin "GPIO_0[16]" cannot be tri-stated
Warning (18029): Output pin "LEDR[11]" driven by bidirectional pin "GPIO_0[17]" cannot be tri-stated
Info (144001): Generated suppressed messages file C:/Users/charl/Documents/Quartus/ongakucircuits_fpga_voiceassigner/output_files/ongakucircuits_fpga_voiceassigner_top.map.smsg
Info (16010): Generating hard_block partition "hard_block:auto_generated_inst"
    Info (16011): Adding 0 node(s), including 0 DDIO, 0 PLL, 0 transceiver and 0 LCELL
Info (21057): Implemented 423 device resources after synthesis - the final resource count might be different
    Info (21058): Implemented 1 input pins
    Info (21059): Implemented 20 output pins
    Info (21060): Implemented 72 bidirectional pins
    Info (21061): Implemented 330 logic cells
Info: Quartus II 64-Bit Analysis & Synthesis was successful. 0 errors, 87 warnings
    Info: Peak virtual memory: 4597 megabytes
    Info: Processing ended: Sun Sep 20 12:53:40 2026
    Info: Elapsed time: 00:00:03
    Info: Total CPU time (on all processors): 00:00:03


+------------------------------------------+
; Analysis & Synthesis Suppressed Messages ;
+------------------------------------------+
The suppressed messages can be found in C:/Users/charl/Documents/Quartus/ongakucircuits_fpga_voiceassigner/output_files/ongakucircuits_fpga_voiceassigner_top.map.smsg.


